..........EEEE..........EE.E.FFFFFFFFFFFFFFFFFFFF.........F...F......... [ 66%]
...F...FFFFFEEEEEEEEEEEEEEEEEEE...F.F                                    [100%]
=================================== ERRORS ====================================
_______ ERROR at setup of TestAvatarRoutes.test_generate_sign_language ________
E   assert 400 == 200
     +  where 400 = <Response [400 Bad Request]>.status_code
---------------------------- Captured stderr setup ----------------------------
2026-03-12 15:36:00,731 - httpx - INFO - HTTP Request: POST http://127.0.0.1:8000/api/v1/auth/register "HTTP/1.1 200 OK"
2026-03-12 15:36:00,742 - httpx - INFO - HTTP Request: POST http://127.0.0.1:8000/api/v1/auth/login "HTTP/1.1 400 Bad Request"
----------------------------- Captured log setup ------------------------------
INFO     httpx:_client.py:1013 HTTP Request: POST http://127.0.0.1:8000/api/v1/auth/register "HTTP/1.1 200 OK"
INFO     httpx:_client.py:1013 HTTP Request: POST http://127.0.0.1:8000/api/v1/auth/login "HTTP/1.1 400 Bad Request"
__ ERROR at setup of TestAvatarRoutes.test_generate_sign_language_empty_text __
E   assert 400 == 200
     +  where 400 = <Response [400 Bad Request]>.status_code
---------------------------- Captured stderr setup ----------------------------
2026-03-12 15:36:00,904 - httpx - INFO - HTTP Request: POST http://127.0.0.1:8000/api/v1/auth/register "HTTP/1.1 400 Bad Request"
----------------------------- Captured log setup ------------------------------
INFO     httpx:_client.py:1013 HTTP Request: POST http://127.0.0.1:8000/api/v1/auth/register "HTTP/1.1 400 Bad Request"
_________ ERROR at setup of TestAvatarRoutes.test_get_sign_languages __________
E   assert 400 == 200
     +  where 400 = <Response [400 Bad Request]>.status_code
---------------------------- Captured stderr setup ----------------------------
2026-03-12 15:36:01,049 - httpx - INFO - HTTP Request: POST http://127.0.0.1:8000/api/v1/auth/register "HTTP/1.1 400 Bad Request"
----------------------------- Captured log setup ------------------------------
INFO     httpx:_client.py:1013 HTTP Request: POST http://127.0.0.1:8000/api/v1/auth/register "HTTP/1.1 400 Bad Request"
_________ ERROR at setup of TestAvatarRoutes.test_segment_for_avatar __________
E   assert 400 == 200
     +  where 400 = <Response [400 Bad Request]>.status_code
---------------------------- Captured stderr setup ----------------------------
2026-03-12 15:36:01,165 - httpx - INFO - HTTP Request: POST http://127.0.0.1:8000/api/v1/auth/register "HTTP/1.1 400 Bad Request"
----------------------------- Captured log setup ------------------------------
INFO     httpx:_client.py:1013 HTTP Request: POST http://127.0.0.1:8000/api/v1/auth/register "HTTP/1.1 400 Bad Request"
________ ERROR at setup of TestGuidedModeRoutes.test_get_guided_config ________
E   assert 400 == 200
     +  where 400 = <Response [400 Bad Request]>.status_code
---------------------------- Captured stderr setup ----------------------------
2026-03-12 15:36:02,471 - httpx - INFO - HTTP Request: POST http://127.0.0.1:8000/api/v1/auth/register "HTTP/1.1 400 Bad Request"
----------------------------- Captured log setup ------------------------------
INFO     httpx:_client.py:1013 HTTP Request: POST http://127.0.0.1:8000/api/v1/auth/register "HTTP/1.1 400 Bad Request"
______ ERROR at setup of TestGuidedModeRoutes.test_get_step_instructions ______
E   assert 400 == 200
     +  where 400 = <Response [400 Bad Request]>.status_code
---------------------------- Captured stderr setup ----------------------------
2026-03-12 15:36:02,601 - httpx - INFO - HTTP Request: POST http://127.0.0.1:8000/api/v1/auth/register "HTTP/1.1 400 Bad Request"
----------------------------- Captured log setup ------------------------------
INFO     httpx:_client.py:1013 HTTP Request: POST http://127.0.0.1:8000/api/v1/auth/register "HTTP/1.1 400 Bad Request"
__________ ERROR at setup of TestGuidedModeRoutes.test_invalid_step ___________
E   assert 400 == 200
     +  where 400 = <Response [400 Bad Request]>.status_code
---------------------------- Captured stderr setup ----------------------------
2026-03-12 15:36:02,889 - httpx - INFO - HTTP Request: POST http://127.0.0.1:8000/api/v1/auth/register "HTTP/1.1 400 Bad Request"
----------------------------- Captured log setup ------------------------------
INFO     httpx:_client.py:1013 HTTP Request: POST http://127.0.0.1:8000/api/v1/auth/register "HTTP/1.1 400 Bad Request"
________ ERROR at setup of TestUserProfile.test_get_profile_authorized ________
E   KeyError: 'access_token'
---------------------------- Captured stderr setup ----------------------------
2026-03-12 15:36:26,176 - httpx - INFO - HTTP Request: POST http://testserver/api/v1/auth/register "HTTP/1.1 200 OK"
2026-03-12 15:36:26,188 - httpx - INFO - HTTP Request: POST http://testserver/api/v1/auth/login "HTTP/1.1 400 Bad Request"
----------------------------- Captured log setup ------------------------------
INFO     httpx:_client.py:1013 HTTP Request: POST http://testserver/api/v1/auth/register "HTTP/1.1 200 OK"
INFO     httpx:_client.py:1013 HTTP Request: POST http://testserver/api/v1/auth/login "HTTP/1.1 400 Bad Request"
____________ ERROR at setup of TestUserProfile.test_update_profile ____________
E   KeyError: 'access_token'
---------------------------- Captured stderr setup ----------------------------
2026-03-12 15:36:26,972 - httpx - INFO - HTTP Request: POST http://testserver/api/v1/auth/register "HTTP/1.1 200 OK"
2026-03-12 15:36:26,983 - httpx - INFO - HTTP Request: POST http://testserver/api/v1/auth/login "HTTP/1.1 400 Bad Request"
----------------------------- Captured log setup ------------------------------
INFO     httpx:_client.py:1013 HTTP Request: POST http://testserver/api/v1/auth/register "HTTP/1.1 200 OK"
INFO     httpx:_client.py:1013 HTTP Request: POST http://testserver/api/v1/auth/login "HTTP/1.1 400 Bad Request"
_____ ERROR at setup of TestUserProfile.test_update_profile_invalid_data ______
E   KeyError: 'access_token'
---------------------------- Captured stderr setup ----------------------------
2026-03-12 15:36:27,689 - httpx - INFO - HTTP Request: POST http://testserver/api/v1/auth/register "HTTP/1.1 200 OK"
2026-03-12 15:36:27,698 - httpx - INFO - HTTP Request: POST http://testserver/api/v1/auth/login "HTTP/1.1 400 Bad Request"
----------------------------- Captured log setup ------------------------------
INFO     httpx:_client.py:1013 HTTP Request: POST http://testserver/api/v1/auth/register "HTTP/1.1 200 OK"
INFO     httpx:_client.py:1013 HTTP Request: POST http://testserver/api/v1/auth/login "HTTP/1.1 400 Bad Request"
_ ERROR at setup of TestAccessibilityProfile.test_create_accessibility_profile _
E   KeyError: 'access_token'
---------------------------- Captured stderr setup ----------------------------
2026-03-12 15:36:28,344 - httpx - INFO - HTTP Request: POST http://testserver/api/v1/auth/register "HTTP/1.1 200 OK"
2026-03-12 15:36:28,355 - httpx - INFO - HTTP Request: POST http://testserver/api/v1/auth/login "HTTP/1.1 400 Bad Request"
----------------------------- Captured log setup ------------------------------
INFO     httpx:_client.py:1013 HTTP Request: POST http://testserver/api/v1/auth/register "HTTP/1.1 200 OK"
INFO     httpx:_client.py:1013 HTTP Request: POST http://testserver/api/v1/auth/login "HTTP/1.1 400 Bad Request"
__ ERROR at setup of TestAccessibilityProfile.test_get_accessibility_profile __
E   KeyError: 'access_token'
---------------------------- Captured stderr setup ----------------------------
2026-03-12 15:36:28,997 - httpx - INFO - HTTP Request: POST http://testserver/api/v1/auth/register "HTTP/1.1 200 OK"
2026-03-12 15:36:29,005 - httpx - INFO - HTTP Request: POST http://testserver/api/v1/auth/login "HTTP/1.1 400 Bad Request"
----------------------------- Captured log setup ------------------------------
INFO     httpx:_client.py:1013 HTTP Request: POST http://testserver/api/v1/auth/register "HTTP/1.1 200 OK"
INFO     httpx:_client.py:1013 HTTP Request: POST http://testserver/api/v1/auth/login "HTTP/1.1 400 Bad Request"
_ ERROR at setup of TestAccessibilityProfile.test_update_accessibility_profile _
E   KeyError: 'access_token'
---------------------------- Captured stderr setup ----------------------------
2026-03-12 15:36:29,609 - httpx - INFO - HTTP Request: POST http://testserver/api/v1/auth/register "HTTP/1.1 200 OK"
2026-03-12 15:36:29,615 - httpx - INFO - HTTP Request: POST http://testserver/api/v1/auth/login "HTTP/1.1 400 Bad Request"
----------------------------- Captured log setup ------------------------------
INFO     httpx:_client.py:1013 HTTP Request: POST http://testserver/api/v1/auth/register "HTTP/1.1 200 OK"
INFO     httpx:_client.py:1013 HTTP Request: POST http://testserver/api/v1/auth/login "HTTP/1.1 400 Bad Request"
__ ERROR at setup of TestAccessibilityProfile.test_invalid_impairment_level ___
E   KeyError: 'access_token'
---------------------------- Captured stderr setup ----------------------------
2026-03-12 15:36:30,245 - httpx - INFO - HTTP Request: POST http://testserver/api/v1/auth/register "HTTP/1.1 200 OK"
2026-03-12 15:36:30,253 - httpx - INFO - HTTP Request: POST http://testserver/api/v1/auth/login "HTTP/1.1 400 Bad Request"
----------------------------- Captured log setup ------------------------------
INFO     httpx:_client.py:1013 HTTP Request: POST http://testserver/api/v1/auth/register "HTTP/1.1 200 OK"
INFO     httpx:_client.py:1013 HTTP Request: POST http://testserver/api/v1/auth/login "HTTP/1.1 400 Bad Request"
_____ ERROR at setup of TestTextSimplification.test_simplify_text_success _____
E   KeyError: 'access_token'
---------------------------- Captured stderr setup ----------------------------
2026-03-12 15:36:30,526 - httpx - INFO - HTTP Request: POST http://testserver/auth/register "HTTP/1.1 404 Not Found"
2026-03-12 15:36:30,530 - httpx - INFO - HTTP Request: POST http://testserver/auth/login "HTTP/1.1 404 Not Found"
----------------------------- Captured log setup ------------------------------
INFO     httpx:_client.py:1013 HTTP Request: POST http://testserver/auth/register "HTTP/1.1 404 Not Found"
INFO     httpx:_client.py:1013 HTTP Request: POST http://testserver/auth/login "HTTP/1.1 404 Not Found"
______ ERROR at setup of TestTextSimplification.test_simplify_empty_text ______
E   KeyError: 'access_token'
---------------------------- Captured stderr setup ----------------------------
2026-03-12 15:36:30,781 - httpx - INFO - HTTP Request: POST http://testserver/auth/register "HTTP/1.1 404 Not Found"
2026-03-12 15:36:30,788 - httpx - INFO - HTTP Request: POST http://testserver/auth/login "HTTP/1.1 404 Not Found"
----------------------------- Captured log setup ------------------------------
INFO     httpx:_client.py:1013 HTTP Request: POST http://testserver/auth/register "HTTP/1.1 404 Not Found"
INFO     httpx:_client.py:1013 HTTP Request: POST http://testserver/auth/login "HTTP/1.1 404 Not Found"
_ ERROR at setup of TestTextSimplification.test_simplify_text_missing_reading_level _
E   KeyError: 'access_token'
---------------------------- Captured stderr setup ----------------------------
2026-03-12 15:36:31,092 - httpx - INFO - HTTP Request: POST http://testserver/auth/register "HTTP/1.1 404 Not Found"
2026-03-12 15:36:31,099 - httpx - INFO - HTTP Request: POST http://testserver/auth/login "HTTP/1.1 404 Not Found"
----------------------------- Captured log setup ------------------------------
INFO     httpx:_client.py:1013 HTTP Request: POST http://testserver/auth/register "HTTP/1.1 404 Not Found"
INFO     httpx:_client.py:1013 HTTP Request: POST http://testserver/auth/login "HTTP/1.1 404 Not Found"
____ ERROR at setup of TestTextSimplification.test_simplify_very_long_text ____
E   KeyError: 'access_token'
---------------------------- Captured stderr setup ----------------------------
2026-03-12 15:36:31,373 - httpx - INFO - HTTP Request: POST http://testserver/auth/register "HTTP/1.1 404 Not Found"
2026-03-12 15:36:31,377 - httpx - INFO - HTTP Request: POST http://testserver/auth/login "HTTP/1.1 404 Not Found"
----------------------------- Captured log setup ------------------------------
INFO     httpx:_client.py:1013 HTTP Request: POST http://testserver/auth/register "HTTP/1.1 404 Not Found"
INFO     httpx:_client.py:1013 HTTP Request: POST http://testserver/auth/login "HTTP/1.1 404 Not Found"
__ ERROR at setup of TestTextSimplification.test_get_simplification_history ___
E   KeyError: 'access_token'
---------------------------- Captured stderr setup ----------------------------
2026-03-12 15:36:31,629 - httpx - INFO - HTTP Request: POST http://testserver/auth/register "HTTP/1.1 404 Not Found"
2026-03-12 15:36:31,637 - httpx - INFO - HTTP Request: POST http://testserver/auth/login "HTTP/1.1 404 Not Found"
----------------------------- Captured log setup ------------------------------
INFO     httpx:_client.py:1013 HTTP Request: POST http://testserver/auth/register "HTTP/1.1 404 Not Found"
INFO     httpx:_client.py:1013 HTTP Request: POST http://testserver/auth/login "HTTP/1.1 404 Not Found"
_____ ERROR at setup of TestTextSimplification.test_delete_simplification _____
E   KeyError: 'access_token'
---------------------------- Captured stderr setup ----------------------------
2026-03-12 15:36:31,905 - httpx - INFO - HTTP Request: POST http://testserver/auth/register "HTTP/1.1 404 Not Found"
2026-03-12 15:36:31,910 - httpx - INFO - HTTP Request: POST http://testserver/auth/login "HTTP/1.1 404 Not Found"
----------------------------- Captured log setup ------------------------------
INFO     httpx:_client.py:1013 HTTP Request: POST http://testserver/auth/register "HTTP/1.1 404 Not Found"
INFO     httpx:_client.py:1013 HTTP Request: POST http://testserver/auth/login "HTTP/1.1 404 Not Found"
_____ ERROR at setup of TestAvatarGeneration.test_generate_avatar_success _____
E   KeyError: 'access_token'
---------------------------- Captured stderr setup ----------------------------
2026-03-12 15:36:32,610 - httpx - INFO - HTTP Request: POST http://testserver/api/v1/auth/register "HTTP/1.1 200 OK"
2026-03-12 15:36:32,619 - httpx - INFO - HTTP Request: POST http://testserver/api/v1/auth/login "HTTP/1.1 400 Bad Request"
----------------------------- Captured log setup ------------------------------
INFO     httpx:_client.py:1013 HTTP Request: POST http://testserver/api/v1/auth/register "HTTP/1.1 200 OK"
INFO     httpx:_client.py:1013 HTTP Request: POST http://testserver/api/v1/auth/login "HTTP/1.1 400 Bad Request"
__ ERROR at setup of TestAvatarGeneration.test_generate_avatar_invalid_style __
E   KeyError: 'access_token'
---------------------------- Captured stderr setup ----------------------------
2026-03-12 15:36:33,276 - httpx - INFO - HTTP Request: POST http://testserver/api/v1/auth/register "HTTP/1.1 200 OK"
2026-03-12 15:36:33,284 - httpx - INFO - HTTP Request: POST http://testserver/api/v1/auth/login "HTTP/1.1 400 Bad Request"
----------------------------- Captured log setup ------------------------------
INFO     httpx:_client.py:1013 HTTP Request: POST http://testserver/api/v1/auth/register "HTTP/1.1 200 OK"
INFO     httpx:_client.py:1013 HTTP Request: POST http://testserver/api/v1/auth/login "HTTP/1.1 400 Bad Request"
_______ ERROR at setup of TestAvatarGeneration.test_get_avatar_history ________
E   KeyError: 'access_token'
---------------------------- Captured stderr setup ----------------------------
2026-03-12 15:36:33,944 - httpx - INFO - HTTP Request: POST http://testserver/api/v1/auth/register "HTTP/1.1 200 OK"
2026-03-12 15:36:33,952 - httpx - INFO - HTTP Request: POST http://testserver/api/v1/auth/login "HTTP/1.1 400 Bad Request"
----------------------------- Captured log setup ------------------------------
INFO     httpx:_client.py:1013 HTTP Request: POST http://testserver/api/v1/auth/register "HTTP/1.1 200 OK"
INFO     httpx:_client.py:1013 HTTP Request: POST http://testserver/api/v1/auth/login "HTTP/1.1 400 Bad Request"
_________ ERROR at setup of TestGuidedMode.test_start_guided_session __________
E   KeyError: 'access_token'
---------------------------- Captured stderr setup ----------------------------
2026-03-12 15:36:34,612 - httpx - INFO - HTTP Request: POST http://testserver/api/v1/auth/register "HTTP/1.1 200 OK"
2026-03-12 15:36:34,620 - httpx - INFO - HTTP Request: POST http://testserver/api/v1/auth/login "HTTP/1.1 400 Bad Request"
----------------------------- Captured log setup ------------------------------
INFO     httpx:_client.py:1013 HTTP Request: POST http://testserver/api/v1/auth/register "HTTP/1.1 200 OK"
INFO     httpx:_client.py:1013 HTTP Request: POST http://testserver/api/v1/auth/login "HTTP/1.1 400 Bad Request"
____________ ERROR at setup of TestGuidedMode.test_get_guided_step ____________
E   KeyError: 'access_token'
---------------------------- Captured stderr setup ----------------------------
2026-03-12 15:36:35,281 - httpx - INFO - HTTP Request: POST http://testserver/api/v1/auth/register "HTTP/1.1 200 OK"
2026-03-12 15:36:35,288 - httpx - INFO - HTTP Request: POST http://testserver/api/v1/auth/login "HTTP/1.1 400 Bad Request"
----------------------------- Captured log setup ------------------------------
INFO     httpx:_client.py:1013 HTTP Request: POST http://testserver/api/v1/auth/register "HTTP/1.1 200 OK"
INFO     httpx:_client.py:1013 HTTP Request: POST http://testserver/api/v1/auth/login "HTTP/1.1 400 Bad Request"
_________ ERROR at setup of TestGuidedMode.test_complete_guided_step __________
E   KeyError: 'access_token'
---------------------------- Captured stderr setup ----------------------------
2026-03-12 15:36:35,954 - httpx - INFO - HTTP Request: POST http://testserver/api/v1/auth/register "HTTP/1.1 200 OK"
2026-03-12 15:36:35,961 - httpx - INFO - HTTP Request: POST http://testserver/api/v1/auth/login "HTTP/1.1 400 Bad Request"
----------------------------- Captured log setup ------------------------------
INFO     httpx:_client.py:1013 HTTP Request: POST http://testserver/api/v1/auth/register "HTTP/1.1 200 OK"
INFO     httpx:_client.py:1013 HTTP Request: POST http://testserver/api/v1/auth/login "HTTP/1.1 400 Bad Request"
================================== FAILURES ===================================
C:\Users\Shashank\OneDrive\Desktop\shashank\accenture\Adaptive-Accessibility-Intelligence-AAI-\backend\app\tests\test_health.py:21: assert 404 == 200
C:\Users\Shashank\OneDrive\Desktop\shashank\accenture\Adaptive-Accessibility-Intelligence-AAI-\backend\app\tests\test_integration.py:27: KeyError: 'access_token'
C:\Users\Shashank\OneDrive\Desktop\shashank\accenture\Adaptive-Accessibility-Intelligence-AAI-\backend\app\tests\test_integration.py:84: assert 400 == 200
C:\Users\Shashank\OneDrive\Desktop\shashank\accenture\Adaptive-Accessibility-Intelligence-AAI-\backend\app\tests\test_integration.py:129: KeyError: 'access_token'
C:\Users\Shashank\OneDrive\Desktop\shashank\accenture\Adaptive-Accessibility-Intelligence-AAI-\backend\app\tests\test_integration.py:177: KeyError: 'access_token'
C:\Users\Shashank\OneDrive\Desktop\shashank\accenture\Adaptive-Accessibility-Intelligence-AAI-\backend\app\tests\test_integration.py:192: KeyError: 'access_token'
C:\Users\Shashank\OneDrive\Desktop\shashank\accenture\Adaptive-Accessibility-Intelligence-AAI-\backend\app\tests\test_integration.py:208: KeyError: 'access_token'
C:\Users\Shashank\OneDrive\Desktop\shashank\accenture\Adaptive-Accessibility-Intelligence-AAI-\backend\app\tests\test_integration.py:225: KeyError: 'access_token'
C:\Users\Shashank\OneDrive\Desktop\shashank\accenture\Adaptive-Accessibility-Intelligence-AAI-\backend\app\tests\test_integration.py:240: KeyError: 'access_token'
C:\Users\Shashank\OneDrive\Desktop\shashank\accenture\Adaptive-Accessibility-Intelligence-AAI-\backend\app\tests\test_integration.py:267: KeyError: 'access_token'
C:\Users\Shashank\OneDrive\Desktop\shashank\accenture\Adaptive-Accessibility-Intelligence-AAI-\backend\app\tests\test_integration.py:285: assert 401 == 403
C:\Users\Shashank\OneDrive\Desktop\shashank\accenture\Adaptive-Accessibility-Intelligence-AAI-\backend\app\tests\test_integration.py:290: assert 401 == 403
C:\Users\Shashank\OneDrive\Desktop\shashank\accenture\Adaptive-Accessibility-Intelligence-AAI-\backend\app\tests\test_integration.py:298: KeyError: 'access_token'
C:\Users\Shashank\OneDrive\Desktop\shashank\accenture\Adaptive-Accessibility-Intelligence-AAI-\backend\app\tests\test_integration.py:319: assert 400 == 200
C:\Users\Shashank\OneDrive\Desktop\shashank\accenture\Adaptive-Accessibility-Intelligence-AAI-\backend\app\tests\test_integration.py:333: assert 401 == 200
C:\Users\Shashank\OneDrive\Desktop\shashank\accenture\Adaptive-Accessibility-Intelligence-AAI-\backend\app\tests\test_integration.py:345: KeyError: 'access_token'
C:\Users\Shashank\OneDrive\Desktop\shashank\accenture\Adaptive-Accessibility-Intelligence-AAI-\backend\app\tests\test_integration.py:368: KeyError: 'access_token'
C:\Users\Shashank\OneDrive\Desktop\shashank\accenture\Adaptive-Accessibility-Intelligence-AAI-\backend\app\tests\test_integration.py:395: KeyError: 'access_token'
C:\Users\Shashank\OneDrive\Desktop\shashank\accenture\Adaptive-Accessibility-Intelligence-AAI-\backend\app\tests\test_integration.py:416: assert 400 == 422
C:\Users\Shashank\OneDrive\Desktop\shashank\accenture\Adaptive-Accessibility-Intelligence-AAI-\backend\app\tests\test_integration.py:429: assert 400 == 422
C:\Users\Shashank\OneDrive\Desktop\shashank\accenture\Adaptive-Accessibility-Intelligence-AAI-\backend\app\tests\test_simple.py:184: assert 404 == 200
C:\Users\Shashank\OneDrive\Desktop\shashank\accenture\Adaptive-Accessibility-Intelligence-AAI-\backend\app\tests\test_simple.py:225: assert 400 == 422
C:\Users\Shashank\OneDrive\Desktop\shashank\accenture\Adaptive-Accessibility-Intelligence-AAI-\backend\app\tests\test_text.py:71: assert 200 in [401, 403]
C:\Users\Shashank\OneDrive\Desktop\shashank\accenture\Adaptive-Accessibility-Intelligence-AAI-\backend\app\tests\test_unit.py:82: assert 400 == 422
C:\Users\Shashank\OneDrive\Desktop\shashank\accenture\Adaptive-Accessibility-Intelligence-AAI-\backend\app\tests\test_unit.py:103: assert 400 == 200
C:\Users\Shashank\OneDrive\Desktop\shashank\accenture\Adaptive-Accessibility-Intelligence-AAI-\backend\app\tests\test_unit.py:119: assert 400 == 401
C:\Users\Shashank\OneDrive\Desktop\shashank\accenture\Adaptive-Accessibility-Intelligence-AAI-\backend\app\tests\test_unit.py:128: assert 400 == 401
C:\Users\Shashank\OneDrive\Desktop\shashank\accenture\Adaptive-Accessibility-Intelligence-AAI-\backend\app\tests\test_unit.py:151: assert 404 == 403
C:\Users\Shashank\OneDrive\Desktop\shashank\accenture\Adaptive-Accessibility-Intelligence-AAI-\backend\app\tests\test_unit.py:500: assert 400 == 422
C:\Users\Shashank\OneDrive\Desktop\shashank\accenture\Adaptive-Accessibility-Intelligence-AAI-\backend\app\tests\test_unit.py:518: assert 400 == 401
============================== warnings summary ===============================
..\..\..\..\..\..\AppData\Local\Packages\PythonSoftwareFoundation.Python.3.11_qbz5n2kfra8p0\LocalCache\local-packages\Python311\site-packages\starlette\formparsers.py:10
  C:\Users\Shashank\AppData\Local\Packages\PythonSoftwareFoundation.Python.3.11_qbz5n2kfra8p0\LocalCache\local-packages\Python311\site-packages\starlette\formparsers.py:10: PendingDeprecationWarning: Please use `import python_multipart` instead.
    import multipart

..\..\..\..\..\..\AppData\Local\Packages\PythonSoftwareFoundation.Python.3.11_qbz5n2kfra8p0\LocalCache\local-packages\Python311\site-packages\certifi\core.py:36
  C:\Users\Shashank\AppData\Local\Packages\PythonSoftwareFoundation.Python.3.11_qbz5n2kfra8p0\LocalCache\local-packages\Python311\site-packages\certifi\core.py:36: DeprecationWarning: path is deprecated. Use files() instead. Refer to https://importlib-resources.readthedocs.io/en/latest/using.html#migrating-from-legacy for migration advice.
    _CACERT_CTX = get_path("certifi", "cacert.pem")

..\..\..\..\..\..\AppData\Local\Packages\PythonSoftwareFoundation.Python.3.11_qbz5n2kfra8p0\LocalCache\local-packages\Python311\site-packages\pydantic\_internal\_config.py:268
..\..\..\..\..\..\AppData\Local\Packages\PythonSoftwareFoundation.Python.3.11_qbz5n2kfra8p0\LocalCache\local-packages\Python311\site-packages\pydantic\_internal\_config.py:268
..\..\..\..\..\..\AppData\Local\Packages\PythonSoftwareFoundation.Python.3.11_qbz5n2kfra8p0\LocalCache\local-packages\Python311\site-packages\pydantic\_internal\_config.py:268
  C:\Users\Shashank\AppData\Local\Packages\PythonSoftwareFoundation.Python.3.11_qbz5n2kfra8p0\LocalCache\local-packages\Python311\site-packages\pydantic\_internal\_config.py:268: PydanticDeprecatedSince20: Support for class-based `config` is deprecated, use ConfigDict instead. Deprecated in Pydantic V2.0 to be removed in V3.0. See Pydantic V2 Migration Guide at https://errors.pydantic.dev/2.5/migration/
    warnings.warn(DEPRECATION_MESSAGE, DeprecationWarning)

app\main.py:54
  C:\Users\Shashank\OneDrive\Desktop\shashank\accenture\Adaptive-Accessibility-Intelligence-AAI-\backend\app\main.py:54: DeprecationWarning: 
          on_event is deprecated, use lifespan event handlers instead.
  
          Read more about it in the
          [FastAPI docs for Lifespan Events](https://fastapi.tiangolo.com/advanced/events/).
          
    @app.on_event("startup")

..\..\..\..\..\..\AppData\Local\Packages\PythonSoftwareFoundation.Python.3.11_qbz5n2kfra8p0\LocalCache\local-packages\Python311\site-packages\fastapi\applications.py:4547
  C:\Users\Shashank\AppData\Local\Packages\PythonSoftwareFoundation.Python.3.11_qbz5n2kfra8p0\LocalCache\local-packages\Python311\site-packages\fastapi\applications.py:4547: DeprecationWarning: 
          on_event is deprecated, use lifespan event handlers instead.
  
          Read more about it in the
          [FastAPI docs for Lifespan Events](https://fastapi.tiangolo.com/advanced/events/).
          
    return self.router.on_event(event_type)

-- Docs: https://docs.pytest.org/en/stable/how-to/capture-warnings.html
=========================== short test summary info ===========================
FAILED app\tests\test_health.py::test_root_endpoint - assert 404 == 200
FAILED app\tests\test_integration.py::TestFullWorkflow::test_complete_text_simplification_workflow
FAILED app\tests\test_integration.py::TestFullWorkflow::test_guided_mode_complete_workflow
FAILED app\tests\test_integration.py::TestFullWorkflow::test_accessibility_profile_persistence
FAILED app\tests\test_integration.py::TestErrorHandling::test_simplify_empty_text
FAILED app\tests\test_integration.py::TestErrorHandling::test_simplify_very_long_text
FAILED app\tests\test_integration.py::TestErrorHandling::test_avatar_with_special_characters
FAILED app\tests\test_integration.py::TestErrorHandling::test_guided_mode_invalid_step
FAILED app\tests\test_integration.py::TestErrorHandling::test_concurrent_simplification_requests
FAILED app\tests\test_integration.py::TestErrorHandling::test_invalid_reading_level
FAILED app\tests\test_integration.py::TestErrorHandling::test_authentication_expired_token
FAILED app\tests\test_integration.py::TestErrorHandling::test_missing_authorization_header
FAILED app\tests\test_integration.py::TestErrorHandling::test_malformed_text_simplification_request
FAILED app\tests\test_integration.py::TestPerformanceBaselines::test_health_check_performance
FAILED app\tests\test_integration.py::TestPerformanceBaselines::test_login_performance
FAILED app\tests\test_integration.py::TestPerformanceBaselines::test_profile_update_performance
FAILED app\tests\test_integration.py::TestDataValidation::test_font_size_bounds
FAILED app\tests\test_integration.py::TestDataValidation::test_speech_rate_bounds
FAILED app\tests\test_integration.py::TestDataValidation::test_email_validation
FAILED app\tests\test_integration.py::TestDataValidation::test_password_validation
FAILED app\tests\test_simple.py::TestRootEndpoint::test_root_returns_message
FAILED app\tests\test_simple.py::TestErrorHandling::test_missing_required_fields
FAILED app\tests\test_text.py::test_simplify_text_unauthorized - assert 200 i...
FAILED app\tests\test_unit.py::TestAuthEndpoints::test_register_invalid_email
FAILED app\tests\test_unit.py::TestAuthEndpoints::test_login_success - assert...
FAILED app\tests\test_unit.py::TestAuthEndpoints::test_login_wrong_password
FAILED app\tests\test_unit.py::TestAuthEndpoints::test_login_nonexistent_user
FAILED app\tests\test_unit.py::TestUserProfile::test_get_profile_unauthorized
FAILED app\tests\test_unit.py::TestErrorHandling::test_validation_error - ass...
FAILED app\tests\test_unit.py::TestSecurityHeaders::test_no_sensitive_data_in_errors
ERROR app\tests\test_avatar.py::TestAvatarRoutes::test_generate_sign_language
ERROR app\tests\test_avatar.py::TestAvatarRoutes::test_generate_sign_language_empty_text
ERROR app\tests\test_avatar.py::TestAvatarRoutes::test_get_sign_languages - a...
ERROR app\tests\test_avatar.py::TestAvatarRoutes::test_segment_for_avatar - a...
ERROR app\tests\test_guided.py::TestGuidedModeRoutes::test_get_guided_config
ERROR app\tests\test_guided.py::TestGuidedModeRoutes::test_get_step_instructions
ERROR app\tests\test_guided.py::TestGuidedModeRoutes::test_invalid_step - ass...
ERROR app\tests\test_unit.py::TestUserProfile::test_get_profile_authorized - ...
ERROR app\tests\test_unit.py::TestUserProfile::test_update_profile - KeyError...
ERROR app\tests\test_unit.py::TestUserProfile::test_update_profile_invalid_data
ERROR app\tests\test_unit.py::TestAccessibilityProfile::test_create_accessibility_profile
ERROR app\tests\test_unit.py::TestAccessibilityProfile::test_get_accessibility_profile
ERROR app\tests\test_unit.py::TestAccessibilityProfile::test_update_accessibility_profile
ERROR app\tests\test_unit.py::TestAccessibilityProfile::test_invalid_impairment_level
ERROR app\tests\test_unit.py::TestTextSimplification::test_simplify_text_success
ERROR app\tests\test_unit.py::TestTextSimplification::test_simplify_empty_text
ERROR app\tests\test_unit.py::TestTextSimplification::test_simplify_text_missing_reading_level
ERROR app\tests\test_unit.py::TestTextSimplification::test_simplify_very_long_text
ERROR app\tests\test_unit.py::TestTextSimplification::test_get_simplification_history
ERROR app\tests\test_unit.py::TestTextSimplification::test_delete_simplification
ERROR app\tests\test_unit.py::TestAvatarGeneration::test_generate_avatar_success
ERROR app\tests\test_unit.py::TestAvatarGeneration::test_generate_avatar_invalid_style
ERROR app\tests\test_unit.py::TestAvatarGeneration::test_get_avatar_history
ERROR app\tests\test_unit.py::TestGuidedMode::test_start_guided_session - Key...
ERROR app\tests\test_unit.py::TestGuidedMode::test_get_guided_step - KeyError...
ERROR app\tests\test_unit.py::TestGuidedMode::test_complete_guided_step - Key...
30 failed, 53 passed, 7 warnings, 26 errors in 42.51s
